kubernetes_ingress:
    - id: kubernetes_ingress.ingress-demo-disallowed.default
      name: ingress-demo-disallowed
      source: /Users/apple/go/src/github.com/patilpankaj212/terrascan/test/e2e/test_data/iac/k8s/kubernetes_ingress_violation/config.yaml
      line: 1
      type: kubernetes_ingress
      config:
        apiVersion: extensions/v1beta1
        kind: Ingress
        metadata:
            name: ingress-demo-disallowed
        spec:
            rules:
                - host: example-host.example.com
                  http:
                    paths:
                        - backend:
                            serviceName: nginx
                            servicePort: 80
      skip_rules: []

