aws_ami:
    - id: aws_ami.awsAmiEncrypted
      name: awsAmiEncrypted
      source: main.tf
      line: 5
      type: aws_ami
      config:
        ebs_block_device:
            - device_name: dev-name
              encrypted: "false"
        name: some-name
      skip_rules: []

