Scan Summary -

	File/Folder         :	/Users/apple/go/src/github.com/patilpankaj212/terrascan/test/e2e/test_data/iac/aws/aws_ami_violation
	IaC Type            :	terraform
	Scanned At          :	2021-03-02 15:50:51.746328 +0000 UTC
	Policies Validated  :	1
	Violated Policies   :	0
	Low                 :	0
	Medium              :	0
	High                :	0