Unknown help topic [`test`]
Usage:
  terrascan [command]

Available Commands:
  help        Help about any command
  init        Initializes Terrascan and clones policies from the Terrascan GitHub repository.
  scan        Detect compliance and security violations across Infrastructure as Code.
  server      Run Terrascan as an API server
  version     Terrascan version

Flags:
  -c, --config-path string   config file path
  -l, --log-level string     log level (debug, info, warn, error, panic, fatal) (default "info")
  -x, --log-type string      log output type (console, json) (default "console")
  -o, --output string        output type (human, json, yaml, xml, junit-xml, sarif, github-sarif) (default "human")

Use "terrascan [command] --help" for more information about a command.
