Terrascan

Detect compliance and security violations across Infrastructure as Code to mitigate risk before provisioning cloud native infrastructure.
For more information, please visit https://runterrascan.io/

Usage:
  terrascan [command]

Available Commands:
  init        Initializes Terrascan and clones policies from the Terrascan GitHub repository.
  scan        Detect compliance and security violations across Infrastructure as Code.
  server      Run Terrascan as an API server
  version     Terrascan version

Flags:
  -c, --config-path string      config file path
  -l, --log-level string        log level (debug, info, warn, error, panic, fatal) (default "info")
      --log-output-dir string   directory path to write the log and output files
  -x, --log-type string         log output type (console, json) (default "console")
  -o, --output string           output type (human, json, yaml, xml, junit-xml, sarif, github-sarif) (default "human")
      --temp-dir string         temporary directory path to download remote repository,module and templates

Use "terrascan [command] --help" for more information about a command.
