Error: unknown command "test" for "terrascan"
Run 'terrascan --help' for usage.
