Error: unknown command "servre" for "terrascan"

Did you mean this?
	server

Run 'terrascan --help' for usage.