<testsuites tests="53" name="TERRASCAN_POLICY_SUITES" failures="14" time="0">
  <testsuite tests="53" failures="14" time="0" name="TERRASCAN_POLICY_SUITE" package="/Users/apple/go/src/github.com/patilpankaj212/terrascan/test/e2e/test_data/iac/aws/aws_db_instance_violation">
    <properties>
      <property name="Terrascan Version" value="v1.3.3"></property>
    </properties>
    <testcase classname="main.tf" name="[ERROR] resource: &#34;PtShGgAdi3&#34; at line: 39, violates: RULE - AWS.AWS RDS.NS.High.0101" severity="HIGH" category="Network Security">
      <failure message="Description: RDS Instance publicly_accessible flag is true, File: main.tf, Line: 39, Severity: HIGH, Rule Name: rdsPubliclyAccessible, Rule ID: AWS.AWS RDS.NS.High.0101, Resource Name: PtShGgAdi3, Resource Type: aws_db_instance, Category: Network Security" type=""></failure>
    </testcase>
    <testcase classname="main.tf" name="[ERROR] resource: &#34;PtShGgAdi3&#34; at line: 39, violates: RULE - AWS.RDS.DS.High.1041" severity="HIGH" category="Data Security">
      <failure message="Description: RDS Instance Auto Minor Version Upgrade flag disabled, File: main.tf, Line: 39, Severity: HIGH, Rule Name: rdsAutoMinorVersionUpgradeEnabled, Rule ID: AWS.RDS.DS.High.1041, Resource Name: PtShGgAdi3, Resource Type: aws_db_instance, Category: Data Security" type=""></failure>
    </testcase>
    <testcase classname="main.tf" name="[ERROR] resource: &#34;PtShGgAdi6&#34; at line: 82, violates: RULE - AWS.RDS.DataSecurity.High.0414" severity="HIGH" category="Data Security">
      <failure message="Description: Ensure that your RDS database instances encrypt the underlying storage. Encrypted RDS instances use the industry standard AES-256 encryption algorithm to encrypt data on the server that hosts RDS DB instances. After data is encrypted, RDS handles authentication of access and descryption of data transparently with minimal impact on performance., File: main.tf, Line: 82, Severity: HIGH, Rule Name: rdsHasStorageEncrypted, Rule ID: AWS.RDS.DataSecurity.High.0414, Resource Name: PtShGgAdi6, Resource Type: aws_db_instance, Category: Data Security" type=""></failure>
    </testcase>
    <testcase classname="main.tf" name="[ERROR] resource: &#34;PtShGgAdi4&#34; at line: 55, violates: RULE - AWS.RDS.DataSecurity.High.0414" severity="HIGH" category="Data Security">
      <failure message="Description: Ensure that your RDS database instances encrypt the underlying storage. Encrypted RDS instances use the industry standard AES-256 encryption algorithm to encrypt data on the server that hosts RDS DB instances. After data is encrypted, RDS handles authentication of access and descryption of data transparently with minimal impact on performance., File: main.tf, Line: 55, Severity: HIGH, Rule Name: rdsHasStorageEncrypted, Rule ID: AWS.RDS.DataSecurity.High.0414, Resource Name: PtShGgAdi4, Resource Type: aws_db_instance, Category: Data Security" type=""></failure>
    </testcase>
    <testcase classname="main.tf" name="[ERROR] resource: &#34;PtShGgAdi5&#34; at line: 69, violates: RULE - AWS.RDS.DataSecurity.High.0414" severity="HIGH" category="Data Security">
      <failure message="Description: Ensure that your RDS database instances encrypt the underlying storage. Encrypted RDS instances use the industry standard AES-256 encryption algorithm to encrypt data on the server that hosts RDS DB instances. After data is encrypted, RDS handles authentication of access and descryption of data transparently with minimal impact on performance., File: main.tf, Line: 69, Severity: HIGH, Rule Name: rdsHasStorageEncrypted, Rule ID: AWS.RDS.DataSecurity.High.0414, Resource Name: PtShGgAdi5, Resource Type: aws_db_instance, Category: Data Security" type=""></failure>
    </testcase>
    <testcase classname="main.tf" name="[ERROR] resource: &#34;PtShGgAdi1&#34; at line: 10, violates: RULE - AWS.RDS.DataSecurity.High.0414" severity="HIGH" category="Data Security">
      <failure message="Description: Ensure that your RDS database instances encrypt the underlying storage. Encrypted RDS instances use the industry standard AES-256 encryption algorithm to encrypt data on the server that hosts RDS DB instances. After data is encrypted, RDS handles authentication of access and descryption of data transparently with minimal impact on performance., File: main.tf, Line: 10, Severity: HIGH, Rule Name: rdsHasStorageEncrypted, Rule ID: AWS.RDS.DataSecurity.High.0414, Resource Name: PtShGgAdi1, Resource Type: aws_db_instance, Category: Data Security" type=""></failure>
    </testcase>
    <testcase classname="main.tf" name="[ERROR] resource: &#34;PtShGgAdi2&#34; at line: 25, violates: RULE - AWS.RDS.DataSecurity.High.0414" severity="HIGH" category="Data Security">
      <failure message="Description: Ensure that your RDS database instances encrypt the underlying storage. Encrypted RDS instances use the industry standard AES-256 encryption algorithm to encrypt data on the server that hosts RDS DB instances. After data is encrypted, RDS handles authentication of access and descryption of data transparently with minimal impact on performance., File: main.tf, Line: 25, Severity: HIGH, Rule Name: rdsHasStorageEncrypted, Rule ID: AWS.RDS.DataSecurity.High.0414, Resource Name: PtShGgAdi2, Resource Type: aws_db_instance, Category: Data Security" type=""></failure>
    </testcase>
    <testcase classname="main.tf" name="[ERROR] resource: &#34;PtShGgAdi3&#34; at line: 39, violates: RULE - AWS.RDS.DataSecurity.High.0414" severity="HIGH" category="Data Security">
      <failure message="Description: Ensure that your RDS database instances encrypt the underlying storage. Encrypted RDS instances use the industry standard AES-256 encryption algorithm to encrypt data on the server that hosts RDS DB instances. After data is encrypted, RDS handles authentication of access and descryption of data transparently with minimal impact on performance., File: main.tf, Line: 39, Severity: HIGH, Rule Name: rdsHasStorageEncrypted, Rule ID: AWS.RDS.DataSecurity.High.0414, Resource Name: PtShGgAdi3, Resource Type: aws_db_instance, Category: Data Security" type=""></failure>
    </testcase>
    <testcase classname="main.tf" name="[ERROR] resource: &#34;PtShGgAdi4&#34; at line: 55, violates: RULE - AWS.RDS.DataSecurity.High.0577" severity="HIGH" category="Data Security">
      <failure message="Description: Ensure that your RDS database has IAM Authentication enabled., File: main.tf, Line: 55, Severity: HIGH, Rule Name: rdsIamAuthEnabled, Rule ID: AWS.RDS.DataSecurity.High.0577, Resource Name: PtShGgAdi4, Resource Type: aws_db_instance, Category: Data Security" type=""></failure>
    </testcase>
    <testcase classname="main.tf" name="[ERROR] resource: &#34;PtShGgAdi5&#34; at line: 69, violates: RULE - AWS.RDS.DataSecurity.High.0577" severity="HIGH" category="Data Security">
      <failure message="Description: Ensure that your RDS database has IAM Authentication enabled., File: main.tf, Line: 69, Severity: HIGH, Rule Name: rdsIamAuthEnabled, Rule ID: AWS.RDS.DataSecurity.High.0577, Resource Name: PtShGgAdi5, Resource Type: aws_db_instance, Category: Data Security" type=""></failure>
    </testcase>
    <testcase classname="main.tf" name="[ERROR] resource: &#34;PtShGgAdi6&#34; at line: 82, violates: RULE - AWS.RDS.DataSecurity.High.0577" severity="HIGH" category="Data Security">
      <failure message="Description: Ensure that your RDS database has IAM Authentication enabled., File: main.tf, Line: 82, Severity: HIGH, Rule Name: rdsIamAuthEnabled, Rule ID: AWS.RDS.DataSecurity.High.0577, Resource Name: PtShGgAdi6, Resource Type: aws_db_instance, Category: Data Security" type=""></failure>
    </testcase>
    <testcase classname="main.tf" name="[ERROR] resource: &#34;PtShGgAdi2&#34; at line: 25, violates: RULE - AWS.RDS.DataSecurity.High.0577" severity="HIGH" category="Data Security">
      <failure message="Description: Ensure that your RDS database has IAM Authentication enabled., File: main.tf, Line: 25, Severity: HIGH, Rule Name: rdsIamAuthEnabled, Rule ID: AWS.RDS.DataSecurity.High.0577, Resource Name: PtShGgAdi2, Resource Type: aws_db_instance, Category: Data Security" type=""></failure>
    </testcase>
    <testcase classname="main.tf" name="[ERROR] resource: &#34;PtShGgAdi3&#34; at line: 39, violates: RULE - AWS.RDS.DataSecurity.High.0577" severity="HIGH" category="Data Security">
      <failure message="Description: Ensure that your RDS database has IAM Authentication enabled., File: main.tf, Line: 39, Severity: HIGH, Rule Name: rdsIamAuthEnabled, Rule ID: AWS.RDS.DataSecurity.High.0577, Resource Name: PtShGgAdi3, Resource Type: aws_db_instance, Category: Data Security" type=""></failure>
    </testcase>
    <testcase classname="main.tf" name="[ERROR] resource: &#34;PtShGgAdi3&#34; at line: 39, violates: RULE - AWS.RDS.DataSecurity.High.0577" severity="HIGH" category="Data Security">
      <failure message="Description: Ensure that your RDS database has IAM Authentication enabled., File: main.tf, Line: 39, Severity: HIGH, Rule Name: rdsIamAuthEnabled, Rule ID: AWS.RDS.DataSecurity.High.0577, Resource Name: PtShGgAdi3, Resource Type: aws_db_instance, Category: Data Security" type=""></failure>
    </testcase>
  </testsuite>
</testsuites>