<results>
  <directory_scan_errors></directory_scan_errors>
  <passed_rules></passed_rules>
  <violations>
    <violation rule_name="rdsAutoMinorVersionUpgradeEnabled" description="RDS Instance Auto Minor Version Upgrade flag disabled" rule_id="AWS.RDS.DS.High.1041" severity="HIGH" category="Data Security" resource_name="PtShGgAdi3" resource_type="aws_db_instance" module_name="root" file="main.tf" root_path="./" line="39"></violation>
    <violation rule_name="rdsHasStorageEncrypted" description="Ensure that your RDS database instances encrypt the underlying storage. Encrypted RDS instances use the industry standard AES-256 encryption algorithm to encrypt data on the server that hosts RDS DB instances. After data is encrypted, RDS handles authentication of access and descryption of data transparently with minimal impact on performance." rule_id="AWS.RDS.DataSecurity.High.0414" severity="HIGH" category="Data Security" resource_name="PtShGgAdi6" resource_type="aws_db_instance" module_name="root" file="main.tf" root_path="./" line="82"></violation>
    <violation rule_name="rdsHasStorageEncrypted" description="Ensure that your RDS database instances encrypt the underlying storage. Encrypted RDS instances use the industry standard AES-256 encryption algorithm to encrypt data on the server that hosts RDS DB instances. After data is encrypted, RDS handles authentication of access and descryption of data transparently with minimal impact on performance." rule_id="AWS.RDS.DataSecurity.High.0414" severity="HIGH" category="Data Security" resource_name="PtShGgAdi1" resource_type="aws_db_instance" module_name="root" file="main.tf" root_path="./" line="10"></violation>
    <violation rule_name="rdsHasStorageEncrypted" description="Ensure that your RDS database instances encrypt the underlying storage. Encrypted RDS instances use the industry standard AES-256 encryption algorithm to encrypt data on the server that hosts RDS DB instances. After data is encrypted, RDS handles authentication of access and descryption of data transparently with minimal impact on performance." rule_id="AWS.RDS.DataSecurity.High.0414" severity="HIGH" category="Data Security" resource_name="PtShGgAdi2" resource_type="aws_db_instance" module_name="root" file="main.tf" root_path="./" line="25"></violation>
    <violation rule_name="rdsHasStorageEncrypted" description="Ensure that your RDS database instances encrypt the underlying storage. Encrypted RDS instances use the industry standard AES-256 encryption algorithm to encrypt data on the server that hosts RDS DB instances. After data is encrypted, RDS handles authentication of access and descryption of data transparently with minimal impact on performance." rule_id="AWS.RDS.DataSecurity.High.0414" severity="HIGH" category="Data Security" resource_name="PtShGgAdi3" resource_type="aws_db_instance" module_name="root" file="main.tf" root_path="./" line="39"></violation>
    <violation rule_name="rdsHasStorageEncrypted" description="Ensure that your RDS database instances encrypt the underlying storage. Encrypted RDS instances use the industry standard AES-256 encryption algorithm to encrypt data on the server that hosts RDS DB instances. After data is encrypted, RDS handles authentication of access and descryption of data transparently with minimal impact on performance." rule_id="AWS.RDS.DataSecurity.High.0414" severity="HIGH" category="Data Security" resource_name="PtShGgAdi4" resource_type="aws_db_instance" module_name="root" file="main.tf" root_path="./" line="55"></violation>
    <violation rule_name="rdsHasStorageEncrypted" description="Ensure that your RDS database instances encrypt the underlying storage. Encrypted RDS instances use the industry standard AES-256 encryption algorithm to encrypt data on the server that hosts RDS DB instances. After data is encrypted, RDS handles authentication of access and descryption of data transparently with minimal impact on performance." rule_id="AWS.RDS.DataSecurity.High.0414" severity="HIGH" category="Data Security" resource_name="PtShGgAdi5" resource_type="aws_db_instance" module_name="root" file="main.tf" root_path="./" line="69"></violation>
    <violation rule_name="rdsIamAuthEnabled" description="Ensure that your RDS database has IAM Authentication enabled." rule_id="AWS.RDS.DataSecurity.High.0577" severity="HIGH" category="Data Security" resource_name="PtShGgAdi6" resource_type="aws_db_instance" module_name="root" file="main.tf" root_path="./" line="82"></violation>
    <violation rule_name="rdsIamAuthEnabled" description="Ensure that your RDS database has IAM Authentication enabled." rule_id="AWS.RDS.DataSecurity.High.0577" severity="HIGH" category="Data Security" resource_name="PtShGgAdi2" resource_type="aws_db_instance" module_name="root" file="main.tf" root_path="./" line="25"></violation>
    <violation rule_name="rdsIamAuthEnabled" description="Ensure that your RDS database has IAM Authentication enabled." rule_id="AWS.RDS.DataSecurity.High.0577" severity="HIGH" category="Data Security" resource_name="PtShGgAdi3" resource_type="aws_db_instance" module_name="root" file="main.tf" root_path="./" line="39"></violation>
    <violation rule_name="rdsIamAuthEnabled" description="Ensure that your RDS database has IAM Authentication enabled." rule_id="AWS.RDS.DataSecurity.High.0577" severity="HIGH" category="Data Security" resource_name="PtShGgAdi4" resource_type="aws_db_instance" module_name="root" file="main.tf" root_path="./" line="55"></violation>
    <violation rule_name="rdsIamAuthEnabled" description="Ensure that your RDS database has IAM Authentication enabled." rule_id="AWS.RDS.DataSecurity.High.0577" severity="HIGH" category="Data Security" resource_name="PtShGgAdi5" resource_type="aws_db_instance" module_name="root" file="main.tf" root_path="./" line="69"></violation>
    <violation rule_name="rdsIamAuthEnabled" description="Ensure that your RDS database has IAM Authentication enabled." rule_id="AWS.RDS.DataSecurity.High.0577" severity="HIGH" category="Data Security" resource_name="PtShGgAdi3" resource_type="aws_db_instance" module_name="root" file="main.tf" root_path="./" line="39"></violation>
    <violation rule_name="rdsPubliclyAccessible" description="RDS Instance publicly_accessible flag is true" rule_id="AWS.AWS RDS.NS.High.0101" severity="HIGH" category="Network Security" resource_name="PtShGgAdi3" resource_type="aws_db_instance" module_name="root" file="main.tf" root_path="./" line="39"></violation>
  </violations>
  <skipped_violations></skipped_violations>
  <scan_summary file_folder="/Users/apple/go/src/github.com/patilpankaj212/terrascan/test/e2e/test_data/iac/aws/aws_db_instance_violation" iac_type="terraform" scanned_at="2021-03-02 15:48:46.093623 +0000 UTC" policies_validated="7" violated_policies="14" low="0" medium="0" high="14"></scan_summary>
</results>