<results>
  <violations>
    <violation rule_name="ec2UsingIMDSv1" description="EC2 instances should disable IMDS or require IMDSv2 as this can be related to the weaponization phase of kill chain" rule_id="AC-AWS-NS-IN-M-1172" severity="MEDIUM" category="Network Security" resource_name="instanceWithPublicIp" resource_type="aws_instance" file="main.tf" line="19"></violation>
    <violation rule_name="ec2UsingIMDSv1" description="EC2 instances should disable IMDS or require IMDSv2 as this can be related to the weaponization phase of kill chain" rule_id="AC-AWS-NS-IN-M-1172" severity="MEDIUM" category="Network Security" resource_name="instanceWithIMDv1_token_not_present" resource_type="aws_instance" file="main.tf" line="54"></violation>
    <violation rule_name="ec2UsingIMDSv1" description="EC2 instances should disable IMDS or require IMDSv2 as this can be related to the weaponization phase of kill chain" rule_id="AC-AWS-NS-IN-M-1172" severity="MEDIUM" category="Network Security" resource_name="instanceWithIMDv1_endpoint_not_present" resource_type="aws_instance" file="main.tf" line="67"></violation>
    <violation rule_name="ec2UsingIMDSv1" description="EC2 instances should disable IMDS or require IMDSv2 as this can be related to the weaponization phase of kill chain" rule_id="AC-AWS-NS-IN-M-1172" severity="MEDIUM" category="Network Security" resource_name="instanceWithIMDv1_emptyblock" resource_type="aws_instance" file="main.tf" line="29"></violation>
    <violation rule_name="ec2UsingIMDSv1" description="EC2 instances should disable IMDS or require IMDSv2 as this can be related to the weaponization phase of kill chain" rule_id="AC-AWS-NS-IN-M-1172" severity="MEDIUM" category="Network Security" resource_name="instanceWithIMDv1_fullblock" resource_type="aws_instance" file="main.tf" line="40"></violation>
    <violation rule_name="instanceWithNoVpc" description="Ensure that your AWS application is not deployed within the default Virtual Private Cloud in order to follow security best practices" rule_id="AC-AW-IS-IN-M-0144" severity="MEDIUM" category="Infrastructure Security" resource_name="instanceWithIMDv1_token_not_present" resource_type="aws_instance" file="main.tf" line="54"></violation>
    <violation rule_name="instanceWithNoVpc" description="Ensure that your AWS application is not deployed within the default Virtual Private Cloud in order to follow security best practices" rule_id="AC-AW-IS-IN-M-0144" severity="MEDIUM" category="Infrastructure Security" resource_name="instanceWithIMDv1_endpoint_not_present" resource_type="aws_instance" file="main.tf" line="67"></violation>
    <violation rule_name="instanceWithNoVpc" description="Ensure that your AWS application is not deployed within the default Virtual Private Cloud in order to follow security best practices" rule_id="AC-AW-IS-IN-M-0144" severity="MEDIUM" category="Infrastructure Security" resource_name="instanceWithNoVpc" resource_type="aws_instance" file="main.tf" line="5"></violation>
    <violation rule_name="instanceWithNoVpc" description="Ensure that your AWS application is not deployed within the default Virtual Private Cloud in order to follow security best practices" rule_id="AC-AW-IS-IN-M-0144" severity="MEDIUM" category="Infrastructure Security" resource_name="instanceWithPublicIp" resource_type="aws_instance" file="main.tf" line="19"></violation>
    <violation rule_name="instanceWithNoVpc" description="Ensure that your AWS application is not deployed within the default Virtual Private Cloud in order to follow security best practices" rule_id="AC-AW-IS-IN-M-0144" severity="MEDIUM" category="Infrastructure Security" resource_name="instanceWithIMDv1_emptyblock" resource_type="aws_instance" file="main.tf" line="29"></violation>
    <violation rule_name="instanceWithNoVpc" description="Ensure that your AWS application is not deployed within the default Virtual Private Cloud in order to follow security best practices" rule_id="AC-AW-IS-IN-M-0144" severity="MEDIUM" category="Infrastructure Security" resource_name="instanceWithIMDv1_fullblock" resource_type="aws_instance" file="main.tf" line="40"></violation>
  </violations>
  <skipped_violations></skipped_violations>
  <scan_summary file_folder="/Users/apple/go/src/github.com/patilpankaj212/terrascan/test/e2e/test_data/iac/aws/aws_instance_violation" iac_type="terraform" scanned_at="2021-02-23 08:29:25.667543 +0000 UTC" policies_validated="53" violated_policies="11" low="0" medium="11" high="0"></scan_summary>
</results>