{
  "version": "2.1.0",
  "$schema": "https://json.schemastore.org/sarif-2.1.0-rtm.5.json",
  "runs": [
    {
      "tool": {
        "driver": {
          "name": "terrascan",
          "version": "1.9.0",
          "informationUri": "https://github.com/accurics/terrascan",
          "rules": [
            {
              "id": "AC_DOCKER_0001",
              "name": "docFilePlatformFlag",
              "shortDescription": {
                "text": "Ensure platform flag with FROM command is not used for Docker file"
              },
              "properties": {
                "category": "Infrastructure Security",
                "severity": "MEDIUM"
              }
            }
          ]
        }
      },
      "results": [
        {
          "ruleId": "AC_DOCKER_0001",
          "level": "warning",
          "message": {
            "text": "Ensure platform flag with FROM command is not used for Docker file"
          },
          "locations": [
            {
              "physicalLocation": {
                "artifactLocation": {
                  "uri": "file:///Users/suvarna/go/src/github.com/rchanger/terrascan/test/e2e/test_data/iac/docker/dockerfile_with_platform_flag_violation/Dockerfile"
                },
                "region": {
                  "startLine": 1
                }
              },
              "logicalLocations": [
                {
                  "name": "Dockerfile",
                  "kind": "docker_from"
                }
              ]
            }
          ]
        }
      ]
    }
  ]
}