<testsuites tests="53" name="TERRASCAN_POLICY_SUITES" failures="3" time="0">
  <testsuite tests="53" failures="3" time="0" name="TERRASCAN_POLICY_SUITE" package="/Users/apple/go/src/github.com/patilpankaj212/terrascan/test/e2e/test_data/iac/azure/azurem_application_gateway_violation">
    <properties>
      <property name="Terrascan Version" value="v1.3.3"></property>
    </properties>
    <testcase classname="main.tf" name="[ERROR] resource: &#34;example&#34; at line: 5, violates: RULE - accurics.azure.NS.272" severity="LOW" category="Network Security">
      <failure message="Description: Ensure that Azure Resource Group has resource lock enabled, File: main.tf, Line: 5, Severity: LOW, Rule Name: reme_resourceGroupLock, Rule ID: accurics.azure.NS.272, Resource Name: example, Resource Type: azurerm_resource_group, Category: Network Security" type=""></failure>
    </testcase>
    <testcase classname="main.tf" name="[ERROR] resource: &#34;accurics_application_gateway&#34; at line: 42, violates: RULE - accurics.azure.NS.147" severity="MEDIUM" category="Network Security">
      <failure message="Description: Ensure Azure Application Gateway Web application firewall (WAF) is enabled, File: main.tf, Line: 42, Severity: MEDIUM, Rule Name: reme_appGatewayWAFEnabled, Rule ID: accurics.azure.NS.147, Resource Name: accurics_application_gateway, Resource Type: azurerm_application_gateway, Category: Network Security" type=""></failure>
    </testcase>
    <testcase classname="main.tf" name="[ERROR] resource: &#34;accurics_application_gateway2&#34; at line: 98, violates: RULE - accurics.azure.NS.147" severity="MEDIUM" category="Network Security">
      <failure message="Description: Ensure Azure Application Gateway Web application firewall (WAF) is enabled, File: main.tf, Line: 98, Severity: MEDIUM, Rule Name: reme_appGatewayWAFEnabled, Rule ID: accurics.azure.NS.147, Resource Name: accurics_application_gateway2, Resource Type: azurerm_application_gateway, Category: Network Security" type=""></failure>
    </testcase>
  </testsuite>
</testsuites>