{
  "results": {
    "violations": [
      {
        "rule_name": "rdsPubliclyAccessible",
        "description": "RDS Instance publicly_accessible flag is true",
        "rule_id": "AWS.AWS RDS.NS.High.0101",
        "severity": "HIGH",
        "category": "Network Security",
        "resource_name": "PtShGgAdi3",
        "resource_type": "aws_db_instance",
        "module_name": "root",
        "file": "main.tf",
        "root_path": "./",
        "line": 39
      }
    ],
    "skipped_violations": null,
    "scan_summary": {
      "file/folder": "/Users/apple/go/src/github.com/patilpankaj212/terrascan/test/e2e/test_data/iac/aws/aws_db_instance_violation",
      "iac_type": "terraform",
      "scanned_at": "2021-03-02 15:59:24.626711 +0000 UTC",
      "policies_validated": 4,
      "violated_policies": 1,
      "low": 0,
      "medium": 0,
      "high": 1
    }
  }
}