Violation Details -
    
	Description    :	Enable AWS AMI Encryption
	File           :	main.tf
	Module Name    :	root
	Plan Root      :	./
	Line           :	5
	Severity       :	MEDIUM
	
	-----------------------------------------------------------------------
	

Scan Summary -

	File/Folder         :	/Users/apple/go/src/github.com/patilpankaj212/terrascan/test/e2e/test_data/iac/aws/aws_ami_violation
	IaC Type            :	terraform
	Scanned At          :	2021-03-02 15:45:17.636568 +0000 UTC
	Policies Validated  :	7
	Violated Policies   :	1
	Low                 :	0
	Medium              :	1
	High                :	0