{
  "results": {
    "violations": [
      {
        "rule_name": "vpcFlowLogsNotEnabled",
        "description": "Ensure VPC flow logging is enabled in all VPCs",
        "rule_id": "AWS.VPC.Logging.Medium.0470",
        "severity": "MEDIUM",
        "category": "Logging",
        "resource_name": "ptshggav1",
        "resource_type": "aws_vpc",
        "file": "main.tf",
        "line": 5
      }
    ],
    "skipped_violations": null,
    "scan_summary": {
      "file/folder": "/Users/apple/go/src/github.com/patilpankaj212/terrascan/test/e2e/test_data/iac/aws/aws_vpc_violation",
      "iac_type": "terraform",
      "scanned_at": "2021-02-23 08:33:35.961286 +0000 UTC",
      "policies_validated": 53,
      "violated_policies": 1,
      "low": 0,
      "medium": 1,
      "high": 0
    }
  }
}