{
  "results": {
    "violations": [
      {
        "rule_name": "s3Versioning",
        "description": "Enabling S3 versioning will enable easy recovery from both unintended user actions, like deletes and overwrites",
        "rule_id": "AWS.S3Bucket.IAM.High.0370",
        "severity": "HIGH",
        "category": "IAM",
        "resource_name": "s3VersioningMfaFalse",
        "resource_type": "aws_s3_bucket",
        "file": "main.tf",
        "line": 53
      },
      {
        "rule_name": "s3Versioning",
        "description": "Enabling S3 versioning will enable easy recovery from both unintended user actions, like deletes and overwrites",
        "rule_id": "AWS.S3Bucket.IAM.High.0370",
        "severity": "HIGH",
        "category": "IAM",
        "resource_name": "noS3BucketSseRules",
        "resource_type": "aws_s3_bucket",
        "file": "main.tf",
        "line": 5
      },
      {
        "rule_name": "s3Versioning",
        "description": "Enabling S3 versioning will enable easy recovery from both unintended user actions, like deletes and overwrites",
        "rule_id": "AWS.S3Bucket.IAM.High.0370",
        "severity": "HIGH",
        "category": "IAM",
        "resource_name": "allUsersReadAccess",
        "resource_type": "aws_s3_bucket",
        "file": "main.tf",
        "line": 71
      },
      {
        "rule_name": "s3Versioning",
        "description": "Enabling S3 versioning will enable easy recovery from both unintended user actions, like deletes and overwrites",
        "rule_id": "AWS.S3Bucket.IAM.High.0370",
        "severity": "HIGH",
        "category": "IAM",
        "resource_name": "authUsersReadAccess",
        "resource_type": "aws_s3_bucket",
        "file": "main.tf",
        "line": 76
      },
      {
        "rule_name": "s3Versioning",
        "description": "Enabling S3 versioning will enable easy recovery from both unintended user actions, like deletes and overwrites",
        "rule_id": "AWS.S3Bucket.IAM.High.0370",
        "severity": "HIGH",
        "category": "IAM",
        "resource_name": "allUsersWriteAccess",
        "resource_type": "aws_s3_bucket",
        "file": "main.tf",
        "line": 81
      },
      {
        "rule_name": "s3Versioning",
        "description": "Enabling S3 versioning will enable easy recovery from both unintended user actions, like deletes and overwrites",
        "rule_id": "AWS.S3Bucket.IAM.High.0370",
        "severity": "HIGH",
        "category": "IAM",
        "resource_name": "s3BucketSseRulesWithKmsNull",
        "resource_type": "aws_s3_bucket",
        "file": "main.tf",
        "line": 16
      },
      {
        "rule_name": "s3Versioning",
        "description": "Enabling S3 versioning will enable easy recovery from both unintended user actions, like deletes and overwrites",
        "rule_id": "AWS.S3Bucket.IAM.High.0370",
        "severity": "HIGH",
        "category": "IAM",
        "resource_name": "s3BucketNoWebsiteIndexDoc",
        "resource_type": "aws_s3_bucket",
        "file": "main.tf",
        "line": 34
      },
      {
        "rule_name": "s3Versioning",
        "description": "Enabling S3 versioning will enable easy recovery from both unintended user actions, like deletes and overwrites",
        "rule_id": "AWS.S3Bucket.IAM.High.0370",
        "severity": "HIGH",
        "category": "IAM",
        "resource_name": "allUsersReadWriteAccess",
        "resource_type": "aws_s3_bucket",
        "file": "main.tf",
        "line": 86
      },
      {
        "rule_name": "s3BucketNoWebsiteIndexDoc",
        "description": "Ensure that there are not any static websites being hosted on buckets you aren't aware of",
        "rule_id": "AWS.S3Bucket.NetworkSecurity.High.0417",
        "severity": "HIGH",
        "category": "Network Security",
        "resource_name": "s3BucketNoWebsiteIndexDoc",
        "resource_type": "aws_s3_bucket",
        "file": "main.tf",
        "line": 34
      },
      {
        "rule_name": "s3EnforceUserACL",
        "description": "S3 bucket Access is allowed to all AWS Account Users.",
        "rule_id": "AWS.S3Bucket.DS.High.1043",
        "severity": "HIGH",
        "category": "S3",
        "resource_name": "noS3BucketSseRules",
        "resource_type": "aws_s3_bucket",
        "file": "main.tf",
        "line": 5
      },
      {
        "rule_name": "s3EnforceUserACL",
        "description": "S3 bucket Access is allowed to all AWS Account Users.",
        "rule_id": "AWS.S3Bucket.DS.High.1043",
        "severity": "HIGH",
        "category": "S3",
        "resource_name": "allUsersReadAccess",
        "resource_type": "aws_s3_bucket",
        "file": "main.tf",
        "line": 71
      },
      {
        "rule_name": "s3EnforceUserACL",
        "description": "S3 bucket Access is allowed to all AWS Account Users.",
        "rule_id": "AWS.S3Bucket.DS.High.1043",
        "severity": "HIGH",
        "category": "S3",
        "resource_name": "authUsersReadAccess",
        "resource_type": "aws_s3_bucket",
        "file": "main.tf",
        "line": 76
      },
      {
        "rule_name": "s3EnforceUserACL",
        "description": "S3 bucket Access is allowed to all AWS Account Users.",
        "rule_id": "AWS.S3Bucket.DS.High.1043",
        "severity": "HIGH",
        "category": "S3",
        "resource_name": "allUsersWriteAccess",
        "resource_type": "aws_s3_bucket",
        "file": "main.tf",
        "line": 81
      },
      {
        "rule_name": "s3EnforceUserACL",
        "description": "S3 bucket Access is allowed to all AWS Account Users.",
        "rule_id": "AWS.S3Bucket.DS.High.1043",
        "severity": "HIGH",
        "category": "S3",
        "resource_name": "s3MFADeleteOnly",
        "resource_type": "aws_s3_bucket",
        "file": "main.tf",
        "line": 108
      },
      {
        "rule_name": "s3EnforceUserACL",
        "description": "S3 bucket Access is allowed to all AWS Account Users.",
        "rule_id": "AWS.S3Bucket.DS.High.1043",
        "severity": "HIGH",
        "category": "S3",
        "resource_name": "s3BucketSseRulesWithKmsNull",
        "resource_type": "aws_s3_bucket",
        "file": "main.tf",
        "line": 16
      },
      {
        "rule_name": "s3EnforceUserACL",
        "description": "S3 bucket Access is allowed to all AWS Account Users.",
        "rule_id": "AWS.S3Bucket.DS.High.1043",
        "severity": "HIGH",
        "category": "S3",
        "resource_name": "s3BucketNoWebsiteIndexDoc",
        "resource_type": "aws_s3_bucket",
        "file": "main.tf",
        "line": 34
      },
      {
        "rule_name": "s3EnforceUserACL",
        "description": "S3 bucket Access is allowed to all AWS Account Users.",
        "rule_id": "AWS.S3Bucket.DS.High.1043",
        "severity": "HIGH",
        "category": "S3",
        "resource_name": "s3VersioningMfaFalse",
        "resource_type": "aws_s3_bucket",
        "file": "main.tf",
        "line": 53
      },
      {
        "rule_name": "s3EnforceUserACL",
        "description": "S3 bucket Access is allowed to all AWS Account Users.",
        "rule_id": "AWS.S3Bucket.DS.High.1043",
        "severity": "HIGH",
        "category": "S3",
        "resource_name": "allUsersReadWriteAccess",
        "resource_type": "aws_s3_bucket",
        "file": "main.tf",
        "line": 86
      },
      {
        "rule_name": "s3EnforceUserACL",
        "description": "S3 bucket Access is allowed to all AWS Account Users.",
        "rule_id": "AWS.S3Bucket.DS.High.1043",
        "severity": "HIGH",
        "category": "S3",
        "resource_name": "s3VersioningOnly",
        "resource_type": "aws_s3_bucket",
        "file": "main.tf",
        "line": 91
      },
      {
        "rule_name": "authUsersReadAccess",
        "description": "Misconfigured S3 buckets can leak private information to the entire internet or allow unauthorized data tampering / deletion",
        "rule_id": "AWS.S3Bucket.IAM.High.0378",
        "severity": "HIGH",
        "category": "IAM",
        "resource_name": "authUsersReadAccess",
        "resource_type": "aws_s3_bucket",
        "file": "main.tf",
        "line": 76
      },
      {
        "rule_name": "allUsersWriteAccess",
        "description": "Misconfigured S3 buckets can leak private information to the entire internet or allow unauthorized data tampering / deletion",
        "rule_id": "AWS.S3Bucket.IAM.High.0379",
        "severity": "HIGH",
        "category": "IAM",
        "resource_name": "allUsersWriteAccess",
        "resource_type": "aws_s3_bucket",
        "file": "main.tf",
        "line": 81
      },
      {
        "rule_name": "allUsersWriteAccess",
        "description": "Misconfigured S3 buckets can leak private information to the entire internet or allow unauthorized data tampering / deletion",
        "rule_id": "AWS.S3Bucket.IAM.High.0379",
        "severity": "HIGH",
        "category": "IAM",
        "resource_name": "allUsersReadWriteAccess",
        "resource_type": "aws_s3_bucket",
        "file": "main.tf",
        "line": 86
      },
      {
        "rule_name": "allUsersReadWriteAccess",
        "description": "Misconfigured S3 buckets can leak private information to the entire internet or allow unauthorized data tampering / deletion",
        "rule_id": "AWS.S3Bucket.IAM.High.0381",
        "severity": "HIGH",
        "category": "IAM",
        "resource_name": "allUsersWriteAccess",
        "resource_type": "aws_s3_bucket",
        "file": "main.tf",
        "line": 81
      },
      {
        "rule_name": "allUsersReadWriteAccess",
        "description": "Misconfigured S3 buckets can leak private information to the entire internet or allow unauthorized data tampering / deletion",
        "rule_id": "AWS.S3Bucket.IAM.High.0381",
        "severity": "HIGH",
        "category": "IAM",
        "resource_name": "allUsersReadWriteAccess",
        "resource_type": "aws_s3_bucket",
        "file": "main.tf",
        "line": 86
      },
      {
        "rule_name": "allUsersReadAccess",
        "description": "Misconfigured S3 buckets can leak private information to the entire internet or allow unauthorized data tampering / deletion",
        "rule_id": "AWS.S3Bucket.IAM.High.0377",
        "severity": "HIGH",
        "category": "IAM",
        "resource_name": "allUsersReadAccess",
        "resource_type": "aws_s3_bucket",
        "file": "main.tf",
        "line": 71
      },
      {
        "rule_name": "allUsersReadAccess",
        "description": "Misconfigured S3 buckets can leak private information to the entire internet or allow unauthorized data tampering / deletion",
        "rule_id": "AWS.S3Bucket.IAM.High.0377",
        "severity": "HIGH",
        "category": "IAM",
        "resource_name": "s3BucketNoWebsiteIndexDoc",
        "resource_type": "aws_s3_bucket",
        "file": "main.tf",
        "line": 34
      }
    ],
    "skipped_violations": null,
    "scan_summary": {
      "file/folder": "/Users/apple/go/src/github.com/patilpankaj212/terrascan/test/e2e/test_data/iac/aws/aws_s3_bucket_violation",
      "iac_type": "terraform",
      "scanned_at": "2021-02-23 08:32:20.582036 +0000 UTC",
      "policies_validated": 53,
      "violated_policies": 26,
      "low": 0,
      "medium": 0,
      "high": 26
    }
  }
}